[coredgex.com/index.html]
[backblue.gif]
[fade.gif]
[index.html]
[coredgex.com/wp-content/uploads/2022/11/exchange.jpg]
[coredgex.com/wp-content/themes/astra/assets/css/minified/frontend.min2e462e46.css]
[coredgex.com/wp-content/themes/astra/assets/fonts/astra.woff]
[coredgex.com/wp-includes/css/dist/block-library/style.min9b309b30.css]
[coredgex.com/wp-content/plugins/cryptocurrency-widgets-pack/assets/public/css/stylec245c245.css]
[coredgex.com/wp-content/plugins/cryptocurrency-widgets-pack/assets/public/css/datatable-stylec245c245.css]
[coredgex.com/wp-content/plugins/header-footer-elementor/assets/css/header-footer-elementor1f621f62.css]
[coredgex.com/wp-content/plugins/elementor/assets/lib/eicons/css/elementor-icons.min91ce91ce.css]
[coredgex.com/wp-content/plugins/elementor/assets/css/frontend-lite.min9e959e95.css]
[coredgex.com/wp-content/uploads/elementor/css/post-320cc0ccc0c.css]
[coredgex.com/wp-content/uploads/elementor/css/post-67c697c69.css]
[coredgex.com/wp-content/plugins/header-footer-elementor/inc/widgets-css/frontend1f621f62.css]
[coredgex.com/wp-content/plugins/elementor/assets/lib/font-awesome/css/fontawesome.min52d552d5.css]
[coredgex.com/wp-content/plugins/elementor/assets/lib/font-awesome/css/solid.min52d552d5.css]
[coredgex.com/wp-content/plugins/elementor/assets/lib/font-awesome/css/regular.min52d552d5.css]
[coredgex.com/wp-content/plugins/nextend-smart-slider3-pro/Public/SmartSlider3/Application/Frontend/Assets/dist/smartslider.min92159215.css]
[coredgex.com/wp-includes/js/jquery/jquery.min30883088.js]
[coredgex.com/wp-includes/js/jquery/jquery-migrate.min55895589.js]
[coredgex.com/wp-json/wp/v2/pages/6.json]
[coredgex.com/wp-json/oembed/1.0/embed1e3cf545.json]
[coredgex.com/wp-content/plugins/nextend-smart-slider3-pro/Public/SmartSlider3/Application/Frontend/Assets/dist/n2.min92159215.js]
[coredgex.com/wp-content/plugins/nextend-smart-slider3-pro/Public/SmartSlider3/Slider/SliderType/Simple/Assets/dist/ss-simple.min92159215.js]
[coredgex.com/wp-content/plugins/nextend-smart-slider3-pro/Public/SmartSlider3/Application/Frontend/Assets/dist/smartslider-frontend.min92159215.js]
[coredgex.com/wp-content/plugins/nextend-smart-slider3-pro/Public/SmartSlider3/Slider/SliderType/Simple/Assets/dist/smartslider-backgroundanimation.min92159215.js]
[coredgex.com/wp-content/plugins/nextend-smart-slider3-pro/Public/SmartSlider3/Widget/Bullet/Assets/dist/w-bullet.min92159215.js]
[coredgex.com/wp-content/plugins/nextend-smart-slider3-pro/Public/SmartSlider3/Widget/Arrow/ArrowImage/Assets/dist/w-arrow-image.min92159215.js]
[coredgex.com/images/logo.png]
[coredgex.com/about.html]
[coredgex.com/services.html]
[coredgex.com/faq.html]
[coredgex.com/cert.html]
[coredgex.com/contact.html]
[coredgex.com/login.html]
[coredgex.com/register.html]
[coredgex.com/wp-content/uploads/2022/11/exchange-2.jpg]
[coredgex.com/wp-content/uploads/2022/10/aspire-11.jpg]
[coredgex.com/wp-content/uploads/2022/10/aspire-5.jpg]
[coredgex.com/wp-content/uploads/slider2/chinaslide.jpg]
[coredgex.com/wp-content/uploads/2022/10/real-12.jpg]
[coredgex.com/wp-content/uploads/2022/10/Untitled-design-28-1024x693.jpg]
[coredgex.com/wp-content/plugins/elementor/assets/css/widget-icon-box.min.css]
[coredgex.com/wp-content/uploads/2022/10/founder.jpg]
[coredgex.com/wp-content/uploads/2022/11/about-01-free-img.jpg]
[coredgex.com/wp-content/uploads/2022/11/grand.png]
[coredgex.com/wp-content/uploads/2022/10/Untitled-design-30.jpg]
[coredgex.com/wp-content/uploads/2022/10/Untitled-design-31.jpg]
[coredgex.com/wp-content/uploads/2022/10/aspire-6.jpg]
[coredgex.com/wp-content/uploads/2022/10/aspire-7.jpg]
[coredgex.com/wp-content/uploads/2022/10/aspire-3.jpg]
[coredgex.com/wp-content/uploads/2022/10/aspire-2.jpg]
[coredgex.com/wp-content/uploads/2022/10/aspire-1.jpg]
[translate.google.com/translate_a/elementa0d8.js]
[www.smartsuppchat.com/loaderd41d.js]
[coredgex.com/wp-content/plugins/elementor/assets/lib/animations/animations.min9e959e95.css]
[coredgex.com/wp-content/plugins/elementor/assets/js/webpack.runtime.min9e95.js]
[coredgex.com/wp-content/plugins/elementor/assets/js/frontend-modules.min9e95.js]
[coredgex.com/wp-content/themes/astra/assets/js/minified/frontend.min2e462e46.js]
[coredgex.com/wp-content/plugins/cryptocurrency-widgets-pack/assets/public/js/jquery.dataTables.minc245c245.js]
[coredgex.com/wp-content/plugins/cryptocurrency-widgets-pack/assets/public/js/dataTables.responsive.minc245c245.js]
[coredgex.com/wp-content/plugins/cryptocurrency-widgets-pack/assets/public/js/commonc245c245.js]
[coredgex.com/wp-content/plugins/gtranslate/js/float9b309b30.js]
[coredgex.com/wp-content/plugins/elementor/assets/lib/waypoints/waypoints.min05da05da.js]
[coredgex.com/wp-includes/js/jquery/ui/core.min3f143f14.js]
[coredgex.com/wp-content/plugins/elementor/assets/js/frontend.min9e959e95.js]
[coredgex.com/wp-includes/js/underscore.mind584d584.js]
[coredgex.com/wp-includes/js/wp-util.min9b309b30.js]
[coredgex.com/wp-content/plugins/wpforms-lite/assets/js/integrations/elementor/frontend.min9a219a21.js]
[coredgex.com/index.html]
[coredgex.com/feed.html]
[coredgex.com/comments/feed.html]
[coredgex.com/wp-content/themes/astra/assets/css/minified/frontend.min2e462e46.css]
[coredgex.com/images/themes/astra/assets/fonts/astra.html]
[coredgex.com/images/themes/astra/assets/fonts/astra-2.html]
[coredgex.com/wp-includes/css/dist/block-library/style.min9b309b30.css]
[coredgex.com/wp-content/plugins/cryptocurrency-widgets-pack/assets/public/fonts/massive-crypto.eot]
[coredgex.com/wp-content/plugins/cryptocurrency-widgets-pack/assets/public/fonts/massive-cryptod41dd41d.eot]
[coredgex.com/wp-content/plugins/cryptocurrency-widgets-pack/assets/public/fonts/massive-crypto.woff]
[coredgex.com/wp-content/plugins/cryptocurrency-widgets-pack/assets/public/fonts/massive-crypto.ttf]
[coredgex.com/wp-content/plugins/cryptocurrency-widgets-pack/assets/public/fonts/massive-crypto.svg]
[coredgex.com/wp-content/plugins/cryptocurrency-widgets-pack/assets/public/css/stylec245c245.css]
[coredgex.com/wp-content/plugins/cryptocurrency-widgets-pack/assets/public/images/sort_asc_disabled.html]
[coredgex.com/wp-content/plugins/cryptocurrency-widgets-pack/assets/public/images/sort_desc_disabled.html]
[coredgex.com/wp-content/plugins/cryptocurrency-widgets-pack/assets/public/img/dual-ring-loader.svg]
[coredgex.com/wp-content/plugins/cryptocurrency-widgets-pack/assets/public/css/datatable-stylec245c245.css]
[coredgex.com/wp-content/plugins/header-footer-elementor/assets/css/header-footer-elementor1f621f62.css]
[coredgex.com/wp-content/plugins/elementor/assets/lib/eicons/fonts/eicons10751075.woff2]
[coredgex.com/wp-content/plugins/elementor/assets/lib/eicons/fonts/eicons10751075.eot]
[coredgex.com/wp-content/plugins/elementor/assets/lib/eicons/fonts/eicons10751075.woff]
[coredgex.com/wp-content/plugins/elementor/assets/lib/eicons/css/elementor-icons.min91ce91ce.css]
[coredgex.com/wp-content/plugins/elementor/assets/css/frontend-lite.min9e959e95.css]
[coredgex.com/wp-content/uploads/elementor/css/post-320cc0ccc0c.css]
[coredgex.com/wp-content/plugins/elementor/assets/lib/eicons/fonts/eicons10751075.ttf]
[coredgex.com/wp-content/plugins/elementor/assets/lib/eicons/fonts/eicons10751075.svg]
[coredgex.com/wp-content/uploads/2022/11/grandexchanges.jpg]
[coredgex.com/wp-content/uploads/2022/11/bg-03-free-img.jpg]
[coredgex.com/wp-content/uploads/elementor/css/post-67c697c69.css]
[coredgex.com/wp-content/plugins/header-footer-elementor/inc/widgets-css/frontend1f621f62.css]
[coredgex.com/wp-content/plugins/elementor/assets/lib/font-awesome/css/fontawesome.min52d552d5.css]
[coredgex.com/wp-content/plugins/elementor/assets/lib/font-awesome/webfonts/fa-solid-900.eot]
[coredgex.com/wp-content/plugins/elementor/assets/lib/font-awesome/webfonts/fa-solid-900.woff2]
[coredgex.com/wp-content/plugins/elementor/assets/lib/font-awesome/webfonts/fa-solid-900d41dd41d.eot]
[coredgex.com/wp-content/plugins/elementor/assets/lib/font-awesome/webfonts/fa-solid-900.woff]
[coredgex.com/wp-content/plugins/elementor/assets/lib/font-awesome/webfonts/fa-solid-900.ttf]
[coredgex.com/wp-content/plugins/elementor/assets/lib/font-awesome/css/solid.min52d552d5.css]
[coredgex.com/wp-content/plugins/elementor/assets/lib/font-awesome/webfonts/fa-regular-400.eot]
[coredgex.com/wp-content/plugins/elementor/assets/lib/font-awesome/webfonts/fa-regular-400d41dd41d.eot]
[coredgex.com/wp-content/plugins/elementor/assets/lib/font-awesome/webfonts/fa-solid-900.svg]
[coredgex.com/wp-content/plugins/elementor/assets/lib/font-awesome/webfonts/fa-regular-400.woff2]
[coredgex.com/wp-content/plugins/elementor/assets/lib/font-awesome/webfonts/fa-regular-400.woff]
[coredgex.com/wp-content/plugins/elementor/assets/lib/font-awesome/webfonts/fa-regular-400.ttf]
[coredgex.com/wp-content/plugins/elementor/assets/lib/font-awesome/css/regular.min52d552d5.css]
[coredgex.com/wp-content/plugins/nextend-smart-slider3-pro/Public/SmartSlider3/Application/Frontend/Assets/dist/smartslider.min92159215.css]
[coredgex.com/wp-json.html]
[coredgex.com/xmlrpc0db00db0.html]
[coredgex.com/index-2.html]
[coredgex.com/wp-json/oembed/1.0/embed84c02e29.html]
[coredgex.com/wp-content/plugins/elementor/assets/lib/font-awesome/webfonts/fa-regular-400.svg]
[coredgex.com/wp-content/uploads/2022/10/dormant-rerfunds.jpg]
[coredgex.com/wp-content/uploads/elementor/css/post-7459f459f.css]
[coredgex.com/wp-json/wp/v2/pages/7.json]
[coredgex.com/wp-json/oembed/1.0/embeda2f7cc1e.json]
[coredgex.com/index-3.html]
[coredgex.com/wp-content/uploads/2022/10/dormant-rerfunds-1024x693.jpg]
[coredgex.com/wp-content/uploads/2022/10/dormant-rerfunds-3-1024x693.jpg]
[coredgex.com/wp-content/plugins/elementor/assets/lib/jquery-numerator/jquery-numerator.min39583958.js]
[coredgex.com/about.html]
[coredgex.com/wp-content/uploads/elementor/css/post-6877ad87ad8.css]
[coredgex.com/wp-json/wp/v2/pages/687.json]
[coredgex.com/wp-json/oembed/1.0/embedf90cfb77.json]
[coredgex.com/wp-content/uploads/elementor/thumbs/real-11-q4m4uxjt90w2ptkctk7o1znencj2n9j5fsf6ft6640.jpg]
[coredgex.com/wp-content/uploads/elementor/thumbs/real-10-q4m4uxjt90w2ptkctk7o1znencj2n9j5fsf6ft6640.jpg]
[coredgex.com/wp-content/uploads/elementor/thumbs/real-13-q4m4uxjt90w2ptkctk7o1znencj2n9j5fsf6ft6640.jpg]
[coredgex.com/services.html]
[coredgex.com/wp-content/plugins/elementor/assets/css/widget-icon-list.min.css]
[coredgex.com/wp-content/uploads/elementor/css/post-101da91da9.css]
[coredgex.com/wp-json/wp/v2/pages/10.json]
[coredgex.com/wp-json/oembed/1.0/embed5fc4ba39.json]
[coredgex.com/wp-content/plugins/elementor/assets/js/webpack.runtime.min.js]
[coredgex.com/faq.html]
[coredgex.com/wp-content/plugins/elementor/assets/js/frontend-modules.min.js]
[coredgex.com/images/cert.jpg]
[coredgex.com/cert.html]
[coredgex.com/wp-content/uploads/elementor/css/post-11e0bae0ba.css]
[coredgex.com/wp-content/plugins/wpforms-lite/assets/css/wpforms-base.min9a219a21.css]
[coredgex.com/wp-json/wp/v2/pages/11.json]
[coredgex.com/wp-json/oembed/1.0/embedc26f9757.json]
[coredgex.com/wp-content/plugins/wpforms-lite/assets/lib/jquery.validate.min7e9d7e9d.js]
[coredgex.com/wp-content/plugins/wpforms-lite/assets/lib/mailcheck.mincfa9cfa9.js]
[coredgex.com/wp-content/plugins/wpforms-lite/assets/lib/punycode.min8a548a54.js]
[coredgex.com/wp-content/plugins/wpforms-lite/assets/js/utils.min9a219a21.js]
[coredgex.com/wp-content/plugins/wpforms-lite/assets/js/wpforms.min9a219a21.js]
[coredgex.com/contact.html]
[coredgex.com/frontend_assets/assets/css/vendor.bundle.css]
[coredgex.com/frontend_assets/assets/css/style.css]
[coredgex.com/frontend_assets/assets/css/theme.css]
[coredgex.com/frontend_assets/assets/js/jquery.bundle.js]
[coredgex.com/frontend_assets/assets/js/script.js]
[widgets.bitcoin.com/widget.js]
[coredgex.com/frontend_assets/assets/js/calcs66.js]
[coredgex.com/login.html]
[www.google.com/recaptcha/api.js]
[coredgex.com/register.html]
[coredgex.com/wp-content/plugins/elementor/assets/css/widget-icon-box.min.css]
[coredgex.com/“https_/www.smartsupp.html]
[coredgex.com/wp-content/plugins/elementor/assets/lib/animations/animations.min9e959e95.css]
[coredgex.com/wp-content/plugins/elementor/assets/js/webpack.runtime.min9e959e95.html]
[coredgex.com/wp-content/plugins/elementor/assets/js/frontend-modules.min9e959e95.html]
[coredgex.com/wp-content/plugins/cryptocurrency-widgets-pack/assets/public/fonts/massive-crypto.svg]
[grandexhanges.com/wp-content/themes/astra/assets/css/minified/frontend.min.a42e46.delayed]
[grandexhanges.com/wp-includes/css/dist/block-library/style.min9b30.css]
[grandexhanges.com/wp-content/plugins/cryptocurrency-widgets-pack/assets/public/css/style.a6c245.delayed]
[grandexhanges.com/wp-content/plugins/cryptocurrency-widgets-pack/assets/public/css/datatable-stylec245.css]
[grandexhanges.com/wp-content/plugins/header-footer-elementor/assets/css/header-footer-elementor1f62.css]
[grandexhanges.com/wp-content/plugins/elementor/assets/lib/eicons/css/elementor-icons.min91ce.css]
[grandexhanges.com/wp-content/plugins/elementor/assets/css/frontend-lite.min9e95.css]
[grandexhanges.com/wp-content/uploads/elementor/css/post-320cc0c.css]
[grandexhanges.com/wp-includes/js/jquery/jquery.min3088.js]
[grandexhanges.com/wp-includes/js/jquery/jquery-migrate.min5589.js]
[grandexhanges.com/wp-content/uploads/2022/11/grandexhanges-1-e1667311363141-118x67.png]
[grandexhanges.com/wp-content/uploads/2022/11/Certificate-of-incorporation-for-grandexhanges.png]
[assets.coingecko.com/coins/images/1/thumb/bitcoin.png]
[assets.coingecko.com/coins/images/279/thumb/ethereum.png]
[assets.coingecko.com/coins/images/325/thumb/Tether.png]
[assets.coingecko.com/coins/images/825/thumb/bnb-icon2_2x.png]
[assets.coingecko.com/coins/images/44/thumb/xrp-symbol-white-128.png]
[assets.coingecko.com/coins/images/6319/thumb/USD_Coin_icon.png]
[assets.coingecko.com/coins/images/13442/thumb/steth_logo.png]
[assets.coingecko.com/coins/images/975/thumb/cardano.png]
[assets.coingecko.com/coins/images/5/thumb/dogecoin.png]
[assets.coingecko.com/coins/images/4128/thumb/solana.png]
[assets.coingecko.com/coins/images/1094/thumb/tron-logo.png]
[assets.coingecko.com/coins/images/17980/thumb/ton_symbol.png]
[assets.coingecko.com/coins/images/12171/thumb/polkadot.png]
[assets.coingecko.com/coins/images/4713/thumb/matic-token-icon.png]
[assets.coingecko.com/coins/images/2/thumb/litecoin.png]
[assets.coingecko.com/coins/images/11939/thumb/shiba.png]
[assets.coingecko.com/coins/images/7598/thumb/wrapped_bitcoin_wbtc.png]
[assets.coingecko.com/coins/images/9956/thumb/Badge_Dai.png]
[assets.coingecko.com/coins/images/780/thumb/bitcoin-cash-circle.png]
[assets.coingecko.com/coins/images/12559/thumb/Avalanche_Circle_RedWhite_Trans.png]
[assets.coingecko.com/coins/images/3449/thumb/tusd.png]
[assets.coingecko.com/coins/images/8418/thumb/leo-token.png]
[assets.coingecko.com/coins/images/100/thumb/Stellar_symbol_black_RGB.png]
[assets.coingecko.com/coins/images/12504/thumb/uni.jpg]
[assets.coingecko.com/coins/images/877/thumb/chainlink-new-logo.png]
[assets.coingecko.com/coins/images/9576/thumb/BUSD.png]
[assets.coingecko.com/coins/images/69/thumb/monero_logo.png]
[assets.coingecko.com/coins/images/4463/thumb/WeChat_Image_20220118095654.png]
[assets.coingecko.com/coins/images/453/thumb/ethereum-classic-logo.png]
[assets.coingecko.com/coins/images/1481/thumb/cosmos_hub.png]
[assets.coingecko.com/coins/images/3688/thumb/hbar.png]
[assets.coingecko.com/coins/images/30980/thumb/token-logo.png]
[assets.coingecko.com/coins/images/3370/thumb/5ZOu7brX_400x400.jpg]
[assets.coingecko.com/coins/images/14495/thumb/Internet_Computer_logo.png]
[assets.coingecko.com/coins/images/12817/thumb/filecoin.png]
[assets.coingecko.com/coins/images/13573/thumb/Lido_DAO.png]
[assets.coingecko.com/coins/images/7310/thumb/cro_token_logo.png]
[assets.coingecko.com/coins/images/26455/thumb/aptos_round.png]
[assets.coingecko.com/coins/images/16547/thumb/photo_2023-03-29_21.47.00.jpg]
[assets.coingecko.com/coins/images/1167/thumb/VET_Token_Icon.png]
[assets.coingecko.com/coins/images/25244/thumb/Optimism.png]
[assets.coingecko.com/coins/images/10365/thumb/near.jpg]
[assets.coingecko.com/coins/images/1364/thumb/Mark_Maker.png]
[assets.coingecko.com/coins/images/20764/thumb/reth.png]
[assets.coingecko.com/coins/images/13397/thumb/Graph_Token.png]
[assets.coingecko.com/coins/images/13422/thumb/FRAX_icon.png]
[assets.coingecko.com/coins/images/12645/thumb/AAVE.png]
[assets.coingecko.com/coins/images/2912/thumb/xdc-icon.png]
[assets.coingecko.com/coins/images/27045/thumb/wbt_token.png]
[assets.coingecko.com/coins/images/4380/thumb/download.png]
[assets.coingecko.com/coins/images/25380/thumb/UUSD.jpg]
[assets.coingecko.com/coins/images/3406/thumb/SNX.png]
[assets.coingecko.com/coins/images/25751/thumb/kaspa-icon-exchanges.png]
[assets.coingecko.com/coins/images/976/thumb/Tezos-logo.png]
[assets.coingecko.com/coins/images/12335/thumb/egld-token-logo.png]
[assets.coingecko.com/coins/images/738/thumb/eos-eos-logo.png]
[assets.coingecko.com/coins/images/2069/thumb/Stacks_logo_full.png]
[assets.coingecko.com/coins/images/12129/thumb/sandbox_logo.jpg]
[assets.coingecko.com/coins/images/17233/thumb/immutableX-symbol-BLK-RGB.png]
[assets.coingecko.com/coins/images/2538/thumb/theta-token-logo.png]
[assets.coingecko.com/coins/images/11610/thumb/icon_colour.png]
[assets.coingecko.com/coins/images/6799/thumb/BSV.png]
[assets.coingecko.com/coins/images/13029/thumb/axie_infinity_logo.png]
[assets.coingecko.com/coins/images/4001/thumb/Fantom_round.png]
[assets.coingecko.com/coins/images/12882/thumb/Secondary_Symbol.png]
[assets.coingecko.com/coins/images/8183/thumb/gate.png]
[assets.coingecko.com/coins/images/878/thumb/decentraland-mana.png]
[assets.coingecko.com/coins/images/4374/thumb/Radix.png]
[assets.coingecko.com/coins/images/24552/thumb/unziL6wO_400x400.jpg]
[assets.coingecko.com/coins/images/11636/thumb/rndr.png]
[assets.coingecko.com/coins/images/24383/thumb/apecoin.jpg]
[assets.coingecko.com/coins/images/480/thumb/NEO_512_512.png]
[assets.coingecko.com/coins/images/6013/thumb/Pax_Dollar.png]
[assets.coingecko.com/coins/images/9519/thumb/paxgold.png]
[assets.coingecko.com/coins/images/10481/thumb/Tether_Gold.png]
[assets.coingecko.com/coins/images/692/thumb/IOTA_Swirl.png]
[assets.coingecko.com/coins/images/2090/thumb/rocket_pool_(RPL).png]
[assets.coingecko.com/coins/images/9761/thumb/kava.png]
[assets.coingecko.com/coins/images/10643/thumb/ceth.png]
[assets.coingecko.com/coins/images/16646/thumb/Logo_final-22.png]
[assets.coingecko.com/coins/images/13446/thumb/5f6294c0c7a8cda55cb1c936_Flow_Wordmark.png]
[assets.coingecko.com/coins/images/6595/thumb/Rune200x200.png]
[assets.coingecko.com/coins/images/12493/thumb/GALA-COINGECKO.png]
[assets.coingecko.com/coins/images/9672/thumb/klaytn.png]
[assets.coingecko.com/coins/images/28284/thumb/frxETH_icon.png]
[assets.coingecko.com/coins/images/8834/thumb/CHZ_Token_updated.png]
[assets.coingecko.com/coins/images/13423/thumb/Frax_Shares_icon.png]
[assets.coingecko.com/coins/images/4984/thumb/TKX_-_Logo_-_RGB-15.png]
[assets.coingecko.com/coins/images/15279/thumb/casper.png]
[assets.coingecko.com/coins/images/1047/thumb/sa9z79.png]
[assets.coingecko.com/coins/images/22457/thumb/btt_logo.png]
[assets.coingecko.com/coins/images/31079/thumb/firstfigital.jpg]
[assets.coingecko.com/coins/images/26375/thumb/sui_asset.jpg]
[assets.coingecko.com/coins/images/12124/thumb/Curve.png]
[assets.coingecko.com/coins/images/2822/thumb/huobi-token-logo.png]
[assets.coingecko.com/coins/images/17500/thumb/hjnIm9bV.jpg]
[assets.coingecko.com/coins/images/15628/thumb/JM4_vQ34_400x400.png]
[assets.coingecko.com/coins/images/8284/thumb/01_LunaClassic_color.png]
[assets.coingecko.com/coins/images/29850/thumb/pepe-token.jpg]
[assets.coingecko.com/coins/images/11085/thumb/Trust.png]
[assets.coingecko.com/coins/images/3695/thumb/nexo.png]
[assets.coingecko.com/coins/images/27008/thumb/cbeth.png]
[assets.coingecko.com/coins/images/11810/thumb/NXMmain.png]
[assets.coingecko.com/coins/images/5992/thumb/gemini-dollar-gusd.png]
[assets.coingecko.com/coins/images/15687/thumb/apenft.jpg]
[assets.coingecko.com/coins/images/28624/thumb/FLR-icon200x200.png]
[assets.coingecko.com/coins/images/28285/thumb/sfrxETH_icon.png]
[assets.coingecko.com/coins/images/12921/thumb/w2UiemF__400x400.jpg]
[assets.coingecko.com/coins/images/19/thumb/dash-logo.png]
[assets.coingecko.com/coins/images/18323/thumb/arbit.png]
[assets.coingecko.com/coins/images/14666/thumb/Group_3.png]
[assets.coingecko.com/coins/images/13905/thumb/sfp.png]
[assets.coingecko.com/coins/images/22617/thumb/astr.png]
[assets.coingecko.com/coins/images/10775/thumb/COMP.png]
[assets.coingecko.com/coins/images/4343/thumb/oRt6SiEN_400x400.jpg]
[assets.coingecko.com/coins/images/2687/thumb/Zilliqa-logo.png]
[assets.coingecko.com/coins/images/5681/thumb/Fetch.jpg]
[assets.coingecko.com/coins/images/9442/thumb/Compound_USDC.png]
[assets.coingecko.com/coins/images/12632/thumb/pancakeswap-cake-logo_(1).png]
[assets.coingecko.com/coins/images/662/thumb/logo_square_simple_300px.png]
[assets.coingecko.com/coins/images/8545/thumb/MEXC_GLOBAL_LOGO.jpg]
[assets.coingecko.com/coins/images/4428/thumb/ECOMI.png]
[assets.coingecko.com/coins/images/13079/thumb/3vuYMbjN.png]
[assets.coingecko.com/coins/images/677/thumb/basic-attention-token.png]
[assets.coingecko.com/coins/images/16916/thumb/bone_icon.png]
[assets.coingecko.com/coins/images/13708/thumb/WeChat_Image_20220118095654.png]
[assets.coingecko.com/coins/images/13469/thumb/1inch-token.png]
[assets.coingecko.com/coins/images/15174/thumb/zV5K5y9f_400x400.png]
[assets.coingecko.com/coins/images/14468/thumb/logo-200x200.png]
[assets.coingecko.com/coins/images/7137/thumb/logo-circle-green.png]
[assets.coingecko.com/coins/images/1043/thumb/bitcoin-gold-logo.png]
[assets.coingecko.com/coins/images/28205/thumb/Sei_Logo_-_Transparent.png]
[assets.coingecko.com/coins/images/12407/thumb/hbtc.png]
[assets.coingecko.com/coins/images/1102/thumb/enjin-coin-logo.png]
[assets.coingecko.com/coins/images/913/thumb/LRC.png]
[assets.coingecko.com/coins/images/13566/thumb/escoin-200.png]
[assets.coingecko.com/coins/images/2138/thumb/singularitynet.png]
[assets.coingecko.com/coins/images/11757/thumb/symbol-defi-blockchain_200.png]
[assets.coingecko.com/coins/images/17385/thumb/Tether_new.png]
[assets.coingecko.com/coins/images/684/thumb/Qtum_Logo_blue_CG.png]
[assets.coingecko.com/coins/images/4284/thumb/Helium_HNT.png]
[assets.coingecko.com/coins/images/16724/thumb/osmo.png]
[assets.coingecko.com/coins/images/11090/thumb/InjXBNx9_400x400.jpg]
[assets.coingecko.com/coins/images/242/thumb/NEM_WC_Logo_200px.png]
[assets.coingecko.com/coins/images/15585/thumb/convex.png]
[assets.coingecko.com/coins/images/14051/thumb/Mask_Network.jpg]
[assets.coingecko.com/coins/images/12785/thumb/akash-logo.png]
[assets.coingecko.com/coins/images/13162/thumb/rose.png]
[assets.coingecko.com/coins/images/486/thumb/circle-zcash-color.png]
[assets.coingecko.com/coins/images/329/thumb/decred.png]
[assets.coingecko.com/coins/images/9281/thumb/cDAI.png]
[assets.coingecko.com/coins/images/16125/thumb/babydoge.jpg]
[assets.coingecko.com/coins/images/19785/thumb/acatxTm8_400x400.jpg]
[assets.coingecko.com/coins/images/8029/thumb/1_0YusgngOrriVg4ZYx4wOFQ.png]
[assets.coingecko.com/coins/images/14483/thumb/token_OHM_(1).png]
[assets.coingecko.com/coins/images/17212/thumb/gtmuTVa.png]
[assets.coingecko.com/coins/images/3348/thumb/Holologo_Profile.png]
[assets.coingecko.com/coins/images/5111/thumb/Beldex.png]
[assets.coingecko.com/coins/images/30047/thumb/ethereum-eth-logo-colored_4_(1)_(1).png]
[assets.coingecko.com/coins/images/4324/thumb/U85xTl2.png]
[assets.coingecko.com/coins/images/11621/thumb/cUSDT.png]
[assets.coingecko.com/coins/images/11095/thumb/JUST.jpg]
[assets.coingecko.com/coins/images/13703/thumb/gfarm_v2.png]
[assets.coingecko.com/coins/images/28730/thumb/logo_for_token.png]
[assets.coingecko.com/coins/images/3412/thumb/ravencoin.png]
[assets.coingecko.com/coins/images/11849/thumb/yearn.jpg]
[assets.coingecko.com/coins/images/12998/thumb/wemixcoin_color_200.png]
[assets.coingecko.com/coins/images/13876/thumb/JASMY200x200.jpg]
[assets.coingecko.com/coins/images/30604/thumb/Logo2.png]
[assets.coingecko.com/coins/images/9568/thumb/m4zRhP5e_400x400.jpg]
[assets.coingecko.com/coins/images/681/thumb/Avatar_Circle_x6.png]
[assets.coingecko.com/coins/images/23597/thumb/gmt.png]
[assets.coingecko.com/coins/images/28453/thumb/blur.png]
[assets.coingecko.com/coins/images/14114/thumb/Alchemix_USD.png]
[assets.coingecko.com/coins/images/16746/thumb/PNG_image.png]
[assets.coingecko.com/coins/images/12913/thumb/AudiusCoinLogo_2x.png]
[assets.coingecko.com/coins/images/542/thumb/Golem_Submark_Positive_RGB.png]
[assets.coingecko.com/coins/images/10807/thumb/BTSE_logo_Square.jpg]
[assets.coingecko.com/coins/images/6450/thumb/FINSCHIA_coin_icon(black).png]
[assets.coingecko.com/coins/images/1060/thumb/icon-icx-logo.png]
[assets.coingecko.com/coins/images/15823/thumb/RBN_64x64.png]
[assets.coingecko.com/coins/images/26997/thumb/logo-clear.png]
[assets.coingecko.com/coins/images/425/thumb/waves.png]
[assets.coingecko.com/coins/images/289/thumb/siacoin.png]
[assets.coingecko.com/coins/images/31069/thumb/worldcoin.jpg]
[assets.coingecko.com/coins/images/25767/thumb/01_Luna_color.png]
[assets.coingecko.com/coins/images/11683/thumb/Balancer.png]
[assets.coingecko.com/coins/images/9368/thumb/swipe.png]
[assets.coingecko.com/coins/images/1371/thumb/aelf-logo.png]
[assets.coingecko.com/coins/images/9545/thumb/Band_token_blue_violet_token.png]
[assets.coingecko.com/coins/images/3687/thumb/ocean-protocol-logo.jpg]
[assets.coingecko.com/coins/images/19304/thumb/Db4XqML.png]
[assets.coingecko.com/coins/images/13915/thumb/4.png]
[assets.coingecko.com/coins/images/16569/thumb/emerald256.png]
[assets.coingecko.com/coins/images/3447/thumb/ONT.png]
[assets.coingecko.com/coins/images/27277/thumb/V-65_xQ1_400x400.jpg]
[assets.coingecko.com/coins/images/21061/thumb/biconomy_logo.jpg]
[assets.coingecko.com/coins/images/5164/thumb/EURS_300x300.png]
[assets.coingecko.com/coins/images/22459/thumb/glmr.png]
[assets.coingecko.com/coins/images/20009/thumb/Ronin_Mark_Blue.png]
[www.smartsuppchat.com/loader.js]
[grandexhanges.com/wp-content/themes/astra/assets/js/minified/frontend.min.1792e46.delayed]
[grandexhanges.com/wp-content/plugins/cryptocurrency-widgets-pack/assets/public/js/jquery.dataTables.minc245.js]
[grandexhanges.com/wp-content/plugins/cryptocurrency-widgets-pack/assets/public/js/dataTables.responsive.minc245.js]
[grandexhanges.com/wp-content/plugins/cryptocurrency-widgets-pack/assets/public/js/commonc245.js]
[coredgex.com/wp-content/plugins/cryptocurrency-widgets-pack/assets/public/images/sort_asc_disabled.html]
[coredgex.com/wp-content/plugins/cryptocurrency-widgets-pack/assets/public/images/sort_desc_disabled.html]
[coredgex.com/wp-content/plugins/cryptocurrency-widgets-pack/assets/public/img/dual-ring-loader.svg]
[coredgex.com/wp-content/plugins/elementor/assets/lib/eicons/fonts/eicons10751075.svg]
[grandexhanges.com/wp-content/plugins/gtranslate/js/float9b30.js]
[coredgex.com/wp-content/plugins/elementor/assets/lib/font-awesome/webfonts/fa-solid-900.svg]
[coredgex.com/wp-content/plugins/elementor/assets/lib/font-awesome/webfonts/fa-regular-400.svg]
[coredgex.com/feed/index.html]
[coredgex.com/comments/feed/index.html]
[coredgex.com/wp-content/uploads/elementor/css/post-7459f459f.css]
[coredgex.com/wp-json/index.html]
[coredgex.com/indexc4f7c4f7.html]
[coredgex.com/wp-json/oembed/1.0/embed43f6cc22.html]
[coredgex.com/index-3.html]
[coredgex.com/wp-content/uploads/elementor/css/post-6877ad87ad8.css]
[coredgex.com/indexcbf7cbf7.html]
[coredgex.com/wp-json/oembed/1.0/embed649f5207.html]
[coredgex.com/wp-content/plugins/elementor/assets/css/widget-icon-list.min.css]
[coredgex.com/wp-content/uploads/elementor/css/post-101da91da9.css]
[coredgex.com/index64b464b4.html]
[coredgex.com/wp-json/oembed/1.0/embedbc944d7b.html]
[coredgex.com/wp-content/uploads/elementor/css/post-11e0bae0ba.css]
[coredgex.com/wp-content/plugins/wpforms-lite/assets/images/times-solid-white.svg]
[coredgex.com/wp-content/plugins/wpforms-lite/assets/css/wpforms-base.min9a219a21.css]
[coredgex.com/index57575757.html]
[coredgex.com/wp-json/oembed/1.0/embed76ca4769.html]
[coredgex.com/fav/apple-touch-icon.html]
[coredgex.com/fav/favicon-32x32.html]
[coredgex.com/fav/favicon-16x16.html]
[coredgex.com/fav/site.html]
[coredgex.com/frontend_assets/assets/fonts/glyphicons-halflings-regular.eot]
[coredgex.com/frontend_assets/assets/fonts/glyphicons-halflings-regular.woff2]
[coredgex.com/frontend_assets/assets/fonts/glyphicons-halflings-regulard41dd41d.eot]
[coredgex.com/frontend_assets/assets/fonts/glyphicons-halflings-regular.woff]
[coredgex.com/frontend_assets/assets/fonts/glyphicons-halflings-regular.ttf]
[coredgex.com/frontend_assets/assets/fonts/glyphicons-halflings-regular.svg]
[coredgex.com/frontend_assets/assets/fonts/fontawesome-webfont3e6e3e6e.eot]
[coredgex.com/frontend_assets/assets/fonts/fontawesome-webfont3e6e3e6e.woff2]
[coredgex.com/frontend_assets/assets/fonts/fontawesome-webfontd41dd41d.eot]
[coredgex.com/frontend_assets/assets/fonts/fontawesome-webfont3e6e3e6e.woff]
[coredgex.com/frontend_assets/assets/fonts/fontawesome-webfont3e6e3e6e.ttf]
[coredgex.com/frontend_assets/assets/fonts/Pe-icon-7-strokebb1dbb1d.eot]
[coredgex.com/frontend_assets/assets/fonts/fontawesome-webfont3e6e3e6e.svg]
[coredgex.com/frontend_assets/assets/fonts/Pe-icon-7-stroked41dd41d.eot]
[coredgex.com/frontend_assets/assets/fonts/Pe-icon-7-strokebb1dbb1d.woff]
[coredgex.com/frontend_assets/assets/fonts/Pe-icon-7-strokebb1dbb1d.ttf]
[coredgex.com/frontend_assets/assets/css/vendor.bundle.css]
[coredgex.com/frontend_assets/assets/fonts/Pe-icon-7-strokebb1dbb1d.svg]
[coredgex.com/frontend_assets/assets/fonts/Quicksand-Regular.eot]
[coredgex.com/frontend_assets/assets/fonts/Quicksand-Regulard41dd41d.eot]
[coredgex.com/frontend_assets/assets/fonts/Quicksand-Regular.woff2]
[coredgex.com/frontend_assets/assets/fonts/Quicksand-Regular.woff]
[coredgex.com/frontend_assets/assets/fonts/Quicksand-Medium.eot]
[coredgex.com/frontend_assets/assets/fonts/Quicksand-Mediumd41dd41d.eot]
[coredgex.com/frontend_assets/assets/fonts/Quicksand-Medium.woff2]
[coredgex.com/frontend_assets/assets/fonts/Quicksand-Medium.woff]
[coredgex.com/frontend_assets/assets/fonts/Quicksand-Light.eot]
[coredgex.com/frontend_assets/assets/fonts/Quicksand-Lightd41dd41d.eot]
[coredgex.com/frontend_assets/assets/fonts/Quicksand-Light.woff2]
[coredgex.com/frontend_assets/assets/fonts/Quicksand-Light.woff]
[coredgex.com/frontend_assets/assets/fonts/Quicksand-Bold.eot]
[coredgex.com/frontend_assets/assets/fonts/Quicksand-Boldd41dd41d.eot]
[coredgex.com/frontend_assets/assets/fonts/Quicksand-Bold.woff2]
[coredgex.com/frontend_assets/assets/fonts/Quicksand-Bold.woff]
[coredgex.com/frontend_assets/assets/fonts/OpenSans-Light.eot]
[coredgex.com/frontend_assets/assets/fonts/OpenSans-Lightd41dd41d.eot]
[coredgex.com/frontend_assets/assets/fonts/OpenSans-Light.woff2]
[coredgex.com/frontend_assets/assets/fonts/OpenSans-Light.woff]
[coredgex.com/frontend_assets/assets/fonts/OpenSans-Regular.eot]
[coredgex.com/frontend_assets/assets/fonts/OpenSans-Regulard41dd41d.eot]
[coredgex.com/frontend_assets/assets/fonts/OpenSans-Regular.woff2]
[coredgex.com/frontend_assets/assets/fonts/OpenSans-Regular.woff]
[coredgex.com/frontend_assets/assets/images/loading.gif]
[coredgex.com/frontend_assets/assets/images/direction-dots-a.png]
[coredgex.com/frontend_assets/assets/images/direction-dots-b.png]
[coredgex.com/frontend_assets/assets/css/style.css]
[coredgex.com/frontend_assets/assets/css/theme.css]
[coredgex.com/alldep.html]
[coredgex.com/allwith.html]
[grandexhanges.com/wp-content/themes/astra/assets/css/minified/frontend.min2e46.html]
[grandexhanges.com/wp-includes/css/dist/block-library/style.min9b30.css]
[grandexhanges.com/wp-content/plugins/cryptocurrency-widgets-pack/assets/public/css/stylec245.html]
[grandexhanges.com/wp-content/plugins/cryptocurrency-widgets-pack/assets/public/images/sort_asc_disabled.1b1.delayed]
[grandexhanges.com/wp-content/plugins/cryptocurrency-widgets-pack/assets/public/images/sort_desc_disabled.1b2.delayed]
[grandexhanges.com/wp-content/plugins/cryptocurrency-widgets-pack/assets/public/css/datatable-stylec245.css]
[grandexhanges.com/wp-content/plugins/header-footer-elementor/assets/css/header-footer-elementor1f62.css]
[grandexhanges.com/wp-content/plugins/elementor/assets/lib/eicons/css/elementor-icons.min91ce.css]
[grandexhanges.com/wp-content/plugins/elementor/assets/css/frontend-lite.min9e95.css]
[grandexhanges.com/wp-content/uploads/elementor/css/post-320cc0c.css]
[grandexhanges.com/wp-includes/js/jquery/jquery.min3088.js]
[grandexhanges.com/wp-includes/js/jquery/jquery-migrate.min5589.js]
[grandexhanges.com/wp-content/themes/astra/assets/js/minified/frontend.min2e46.html]
[grandexhanges.com/wp-content/plugins/cryptocurrency-widgets-pack/assets/public/js/jquery.dataTables.minc245.js]
[grandexhanges.com/wp-content/plugins/cryptocurrency-widgets-pack/assets/public/js/dataTables.responsive.minc245.js]
[grandexhanges.com/wp-content/plugins/cryptocurrency-widgets-pack/assets/public/js/commonc245.js]
[translate.google.com/translate_a/element7876.js]
[grandexhanges.com/wp-content/plugins/gtranslate/js/float9b30.js]
[coredgex.com/wp-content/plugins/wpforms-lite/assets/images/times-solid-white.svg]
[coredgex.com/frontend_assets/assets/fonts/glyphicons-halflings-regular.svg]
[coredgex.com/frontend_assets/assets/fonts/fontawesome-webfont3e6e3e6e.svg]
[coredgex.com/frontend_assets/assets/fonts/Pe-icon-7-strokebb1dbb1d.svg]
[coredgex.com/frontend_assets/assets/css/owl.video.play.html]
[coredgex.com/frontend_assets/assets/OpenSans-SemiBold.html]
[coredgex.com/frontend_assets/assets/OpenSans-SemiBoldd41dd41d.html]
[coredgex.com/frontend_assets/assets/OpenSans-SemiBold-2.html]
[coredgex.com/frontend_assets/assets/OpenSans-SemiBold-3.html]
[coredgex.com/frontend_assets/assets/OpenSans-SemiBold-4.html]
[grandexhanges.com/wp-content/plugins/cryptocurrency-widgets-pack/assets/public/images/sort_asc_disabled.html]
[grandexhanges.com/wp-content/plugins/cryptocurrency-widgets-pack/assets/public/images/sort_desc_disabled.html]
[dormantinvestment.com/wp-content/uploads/2022/10/Untitled-design-8.png]
[dormantinvestment.com/wp-content/uploads/2022/10/sketch-1.png]
[dormantinvestment.com/wp-content/uploads/2022/10/background_03.jpg]
[dormantinvestment.com/wp-content/uploads/elementor/thumbs/real-11-pwkwuftv03gt3ao9b5k8inwn3e692kiq37ddzx1kz4.jpg]
